[2026-08-12T10:51:24.925Z] GET https://documenter.getpostman.com/view/25617008/2sB34bL3ig → pending (?ms, ?B)
[2026-08-12T10:51:26.082Z] GET https://documenter-assets.pstmn.io/styles/importer.0b9c256e370f9b1206e0.css → 200 (212ms, 3585B)
[2026-08-12T10:51:26.082Z] GET https://documenter-assets.pstmn.io/js/messenger-setup.js → 200 (213ms, 525B)
[2026-08-12T10:51:26.083Z] GET https://documenter-assets.pstmn.io/js/production.min.c74ce5c7a1b5fab0c337.js → 200 (321ms, 93798B)
[2026-08-12T10:51:26.083Z] GET https://documenter-assets.pstmn.io/js/main.2ca8fe9a75c35e0ca28d.js → 200 (433ms, 475870B)
[2026-08-12T10:51:26.083Z] GET https://cdn.ravenjs.com/3.27.0/raven.min.js → 200 (114ms, 13949B)
[2026-08-12T10:51:26.083Z] GET https://documenter-assets.pstmn.io/js/runbutton.js → 200 (431ms, 1005B)
[2026-08-12T10:51:26.083Z] GET https://documenter-assets.pstmn.io/js/pm-rip.js → 200 (209ms, 874B)
[2026-08-12T10:51:26.084Z] GET https://documenter.gw.postman.com/view/metadata/2sB34bL3ig → 200 (855ms, 1084B)
[2026-08-12T10:51:26.084Z] GET https://documenter.gw.postman.com/api/collections/25617008/2sB34bL3ig?segregateAuth=true&versionTag=latest → pending (?ms, ?B)
[2026-08-12T10:51:26.560Z] GET https://run.pstmn.io/button.js → 200 (358ms, 11479B)
[2026-08-12T10:51:26.585Z] GET https://documenter.gw.postman.com/view/metadata/2sB34bL3ig → 200 (51ms, 3250B)
[2026-08-12T10:51:26.586Z] GET https://documenter.gw.postman.com/api/collections/25617008/2sB34bL3ig?segregateAuth=true&versionTag=latest → 200 (231ms, 11842B)
[2026-08-12T10:51:26.586Z] POST https://documenter.gw.postman.com/api/examples/25617008/2sB34bL3ig?lang=curl&variant=cURL&versionTag=latest → pending (?ms, ?B)
[2026-08-12T10:51:26.598Z] GET https://documenter-assets.pstmn.io/fonts/Inter-Regular.woff2 → 200 (208ms, 99326B)
[2026-08-12T10:51:26.598Z] GET https://documenter-assets.pstmn.io/fonts/Inter-SemiBold.woff2 → 200 (254ms, 106522B)
[2026-08-12T10:51:26.920Z] GET https://js-agent.newrelic.com/nr-spa-1216.min.js → pending (?ms, ?B)
[2026-08-12T10:51:26.941Z] GET https://res.cloudinary.com/postman/image/upload/t_team_logo_pubdoc/v1/team/da6bc4fb91c1ddc4500460029d1b7ab0b204367cb85b72d46bd58c9ce5bf9055 → pending (?ms, ?B)
[2026-08-12T10:51:27.042Z] GET https://bam.nr-data.net/1/NRJS-8482e4e3e1750395f5d?a=1588761156&sa=1&v=1216.487a282&t=Unnamed%20Transaction&rst=2116&ck=1&ref=https://documenter.getpostman.com/view/25617008/2sB34bL3ig&be=1370&fe=1995&dc=1635&af=err,xhr,stn,ins,spa&perf=%7B%22timing%22:%7B%22of%22:1786531884924,%22n%22:0,%22f%22:0,%22dn%22:1,%22dne%22:52,%22c%22:52,%22s%22:66,%22ce%22:107,%22rq%22:107,%22rp%22:1144,%22rpe%22:1147,%22dl%22:1150,%22di%22:1387,%22ds%22:1635,%22de%22:1635,%22dc%22:1995,%22l%22:1995,%22le%22:1996%7D,%22navigation%22:%7B%7D%7D&fp=1680&fcp=1680&jsonp=NREUM.setToken → 200 (383ms, 99B)
[2026-08-12T10:51:27.566Z] GET https://documenter-assets.pstmn.io/fonts/IBMPlexMono-Regular.woff2 → 200 (54ms, 35669B)
[2026-08-12T10:51:27.569Z] POST https://bam.nr-data.net/events/1/NRJS-8482e4e3e1750395f5d?a=1588761156&sa=1&v=1216.487a282&t=Unnamed%20Transaction&rst=2645&ck=1&ref=https://documenter.getpostman.com/view/25617008/2sB34bL3ig → 200 (295ms, 25B)
[2026-08-12T10:51:37.045Z] POST https://bam.nr-data.net/events/1/NRJS-8482e4e3e1750395f5d?a=1588761156&sa=1&v=1216.487a282&t=Unnamed%20Transaction&rst=12118&ck=1&ref=https://documenter.getpostman.com/view/25617008/2sB34bL3ig → pending (?ms, ?B)
[2026-08-12T10:52:05.776Z] POST https://bam.nr-data.net/events/1/NRJS-8482e4e3e1750395f5d?a=1588761156&sa=1&v=1216.487a282&t=Unnamed%20Transaction&rst=40850&ck=1&ref=https://documenter.getpostman.com/view/25617008/2sB34bL3ig → pending (?ms, ?B)
[2026-08-12T10:52:27.428Z] POST https://bam.nr-data.net/jserrors/1/NRJS-8482e4e3e1750395f5d?a=1588761156&sa=1&v=1216.487a282&t=Unnamed%20Transaction&rst=62502&ck=1&ref=https://documenter.getpostman.com/view/25617008/2sB34bL3ig → 200 (288ms, 25B)
[2026-08-12T10:52:37.049Z] POST https://bam.nr-data.net/events/1/NRJS-8482e4e3e1750395f5d?a=1588761156&sa=1&v=1216.487a282&t=Unnamed%20Transaction&rst=72123&ck=1&ref=https://documenter.getpostman.com/view/25617008/2sB34bL3ig → pending (?ms, ?B)
[2026-08-12T10:53:27.433Z] POST https://bam.nr-data.net/jserrors/1/NRJS-8482e4e3e1750395f5d?a=1588761156&sa=1&v=1216.487a282&t=Unnamed%20Transaction&rst=122505&ck=1&ref=https://documenter.getpostman.com/view/25617008/2sB34bL3ig → 200 (291ms, 25B)
[2026-08-12T10:54:27.455Z] POST https://bam.nr-data.net/jserrors/1/NRJS-8482e4e3e1750395f5d?a=1588761156&sa=1&v=1216.487a282&t=Unnamed%20Transaction&rst=182509&ck=1&ref=https://documenter.getpostman.com/view/25617008/2sB34bL3ig → 200 (279ms, 25B)
[2026-08-12T10:55:27.458Z] POST https://bam.nr-data.net/jserrors/1/NRJS-8482e4e3e1750395f5d?a=1588761156&sa=1&v=1216.487a282&t=Unnamed%20Transaction&rst=242516&ck=1&ref=https://documenter.getpostman.com/view/25617008/2sB34bL3ig → pending (?ms, ?B)
[2026-08-12T10:56:27.466Z] POST https://bam.nr-data.net/jserrors/1/NRJS-8482e4e3e1750395f5d?a=1588761156&sa=1&v=1216.487a282&t=Unnamed%20Transaction&rst=302520&ck=1&ref=https://documenter.getpostman.com/view/25617008/2sB34bL3ig → 200 (283ms, 25B)
[2026-08-12T10:57:27.469Z] POST https://bam.nr-data.net/jserrors/1/NRJS-8482e4e3e1750395f5d?a=1588761156&sa=1&v=1216.487a282&t=Unnamed%20Transaction&rst=362525&ck=1&ref=https://documenter.getpostman.com/view/25617008/2sB34bL3ig → 200 (285ms, 25B)
[2026-08-12T10:58:27.514Z] POST https://bam.nr-data.net/jserrors/1/NRJS-8482e4e3e1750395f5d?a=1588761156&sa=1&v=1216.487a282&t=Unnamed%20Transaction&rst=422538&ck=1&ref=https://documenter.getpostman.com/view/25617008/2sB34bL3ig → pending (?ms, ?B)
[2026-08-12T10:59:27.512Z] POST https://bam.nr-data.net/jserrors/1/NRJS-8482e4e3e1750395f5d?a=1588761156&sa=1&v=1216.487a282&t=Unnamed%20Transaction&rst=482568&ck=1&ref=https://documenter.getpostman.com/view/25617008/2sB34bL3ig → 200 (361ms, 25B)
[2026-08-12T11:00:27.512Z] POST https://bam.nr-data.net/jserrors/1/NRJS-8482e4e3e1750395f5d?a=1588761156&sa=1&v=1216.487a282&t=Unnamed%20Transaction&rst=542572&ck=1&ref=https://documenter.getpostman.com/view/25617008/2sB34bL3ig → 200 (317ms, 25B)
[2026-08-12T11:01:27.519Z] POST https://bam.nr-data.net/jserrors/1/NRJS-8482e4e3e1750395f5d?a=1588761156&sa=1&v=1216.487a282&t=Unnamed%20Transaction&rst=602575&ck=1&ref=https://documenter.getpostman.com/view/25617008/2sB34bL3ig → 200 (288ms, 25B)
[2026-08-12T11:02:27.522Z] POST https://bam.nr-data.net/jserrors/1/NRJS-8482e4e3e1750395f5d?a=1588761156&sa=1&v=1216.487a282&t=Unnamed%20Transaction&rst=662581&ck=1&ref=https://documenter.getpostman.com/view/25617008/2sB34bL3ig → pending (?ms, ?B)
[2026-08-12T11:03:27.526Z] POST https://bam.nr-data.net/jserrors/1/NRJS-8482e4e3e1750395f5d?a=1588761156&sa=1&v=1216.487a282&t=Unnamed%20Transaction&rst=722584&ck=1&ref=https://documenter.getpostman.com/view/25617008/2sB34bL3ig → pending (?ms, ?B)
[2026-08-12T11:04:27.528Z] POST https://bam.nr-data.net/jserrors/1/NRJS-8482e4e3e1750395f5d?a=1588761156&sa=1&v=1216.487a282&t=Unnamed%20Transaction&rst=782588&ck=1&ref=https://documenter.getpostman.com/view/25617008/2sB34bL3ig → pending (?ms, ?B)
[2026-08-12T11:05:27.533Z] POST https://bam.nr-data.net/jserrors/1/NRJS-8482e4e3e1750395f5d?a=1588761156&sa=1&v=1216.487a282&t=Unnamed%20Transaction&rst=842593&ck=1&ref=https://documenter.getpostman.com/view/25617008/2sB34bL3ig → pending (?ms, ?B)
[2026-08-12T11:06:27.543Z] POST https://bam.nr-data.net/jserrors/1/NRJS-8482e4e3e1750395f5d?a=1588761156&sa=1&v=1216.487a282&t=Unnamed%20Transaction&rst=902597&ck=1&ref=https://documenter.getpostman.com/view/25617008/2sB34bL3ig → pending (?ms, ?B)
[2026-08-12T11:07:27.543Z] POST https://bam.nr-data.net/jserrors/1/NRJS-8482e4e3e1750395f5d?a=1588761156&sa=1&v=1216.487a282&t=Unnamed%20Transaction&rst=962604&ck=1&ref=https://documenter.getpostman.com/view/25617008/2sB34bL3ig → pending (?ms, ?B)
[2026-08-12T11:08:27.548Z] POST https://bam.nr-data.net/jserrors/1/NRJS-8482e4e3e1750395f5d?a=1588761156&sa=1&v=1216.487a282&t=Unnamed%20Transaction&rst=1022608&ck=1&ref=https://documenter.getpostman.com/view/25617008/2sB34bL3ig → pending (?ms, ?B)
[2026-08-12T11:09:27.568Z] POST https://bam.nr-data.net/jserrors/1/NRJS-8482e4e3e1750395f5d?a=1588761156&sa=1&v=1216.487a282&t=Unnamed%20Transaction&rst=1082611&ck=1&ref=https://documenter.getpostman.com/view/25617008/2sB34bL3ig → pending (?ms, ?B)
[2026-08-12T11:10:27.633Z] POST https://bam.nr-data.net/jserrors/1/NRJS-8482e4e3e1750395f5d?a=1588761156&sa=1&v=1216.487a282&t=Unnamed%20Transaction&rst=1142622&ck=1&ref=https://documenter.getpostman.com/view/25617008/2sB34bL3ig → 200 (309ms, 25B)
[2026-08-12T11:11:27.612Z] POST https://bam.nr-data.net/jserrors/1/NRJS-8482e4e3e1750395f5d?a=1588761156&sa=1&v=1216.487a282&t=Unnamed%20Transaction&rst=1202670&ck=1&ref=https://documenter.getpostman.com/view/25617008/2sB34bL3ig → 200 (331ms, 25B)
[2026-08-12T11:12:27.621Z] POST https://bam.nr-data.net/jserrors/1/NRJS-8482e4e3e1750395f5d?a=1588761156&sa=1&v=1216.487a282&t=Unnamed%20Transaction&rst=1262679&ck=1&ref=https://documenter.getpostman.com/view/25617008/2sB34bL3ig → pending (?ms, ?B)
[2026-08-12T11:13:27.621Z] POST https://bam.nr-data.net/jserrors/1/NRJS-8482e4e3e1750395f5d?a=1588761156&sa=1&v=1216.487a282&t=Unnamed%20Transaction&rst=1322685&ck=1&ref=https://documenter.getpostman.com/view/25617008/2sB34bL3ig → 200 (332ms, 25B)
[2026-08-12T11:14:27.623Z] POST https://bam.nr-data.net/jserrors/1/NRJS-8482e4e3e1750395f5d?a=1588761156&sa=1&v=1216.487a282&t=Unnamed%20Transaction&rst=1382688&ck=1&ref=https://documenter.getpostman.com/view/25617008/2sB34bL3ig → 200 (293ms, 25B)
[2026-08-12T11:15:27.627Z] POST https://bam.nr-data.net/jserrors/1/NRJS-8482e4e3e1750395f5d?a=1588761156&sa=1&v=1216.487a282&t=Unnamed%20Transaction&rst=1442691&ck=1&ref=https://documenter.getpostman.com/view/25617008/2sB34bL3ig → 200 (284ms, 25B)
[2026-08-12T11:16:27.631Z] POST https://bam.nr-data.net/jserrors/1/NRJS-8482e4e3e1750395f5d?a=1588761156&sa=1&v=1216.487a282&t=Unnamed%20Transaction&rst=1502695&ck=1&ref=https://documenter.getpostman.com/view/25617008/2sB34bL3ig → 200 (283ms, 25B)
[2026-08-12T11:17:27.636Z] POST https://bam.nr-data.net/jserrors/1/NRJS-8482e4e3e1750395f5d?a=1588761156&sa=1&v=1216.487a282&t=Unnamed%20Transaction&rst=1562699&ck=1&ref=https://documenter.getpostman.com/view/25617008/2sB34bL3ig → pending (?ms, ?B)
[2026-08-12T11:18:27.640Z] POST https://bam.nr-data.net/jserrors/1/NRJS-8482e4e3e1750395f5d?a=1588761156&sa=1&v=1216.487a282&t=Unnamed%20Transaction&rst=1622704&ck=1&ref=https://documenter.getpostman.com/view/25617008/2sB34bL3ig → pending (?ms, ?B)
[2026-08-12T11:19:27.644Z] POST https://bam.nr-data.net/jserrors/1/NRJS-8482e4e3e1750395f5d?a=1588761156&sa=1&v=1216.487a282&t=Unnamed%20Transaction&rst=1682709&ck=1&ref=https://documenter.getpostman.com/view/25617008/2sB34bL3ig → pending (?ms, ?B)
[2026-08-12T11:20:27.649Z] POST https://bam.nr-data.net/jserrors/1/NRJS-8482e4e3e1750395f5d?a=1588761156&sa=1&v=1216.487a282&t=Unnamed%20Transaction&rst=1742714&ck=1&ref=https://documenter.getpostman.com/view/25617008/2sB34bL3ig → pending (?ms, ?B)
[2026-08-12T11:21:27.653Z] POST https://bam.nr-data.net/jserrors/1/NRJS-8482e4e3e1750395f5d?a=1588761156&sa=1&v=1216.487a282&t=Unnamed%20Transaction&rst=1802719&ck=1&ref=https://documenter.getpostman.com/view/25617008/2sB34bL3ig → 200 (291ms, 25B)
[2026-08-12T11:22:27.656Z] POST https://bam.nr-data.net/jserrors/1/NRJS-8482e4e3e1750395f5d?a=1588761156&sa=1&v=1216.487a282&t=Unnamed%20Transaction&rst=1862722&ck=1&ref=https://documenter.getpostman.com/view/25617008/2sB34bL3ig → pending (?ms, ?B)
